Flow report for cgol_xlr_tor
Fri Jul 18 22:09:53 2025
Quartus Prime Version 24.1std.0 Build 1077 03/04/2025 SC Lite Edition


---------------------
; Table of Contents ;
---------------------
  1. Legal Notice
  2. Flow Summary
  3. Flow Settings
  4. Flow Non-Default Global Settings
  5. Flow Elapsed Time
  6. Flow OS Summary
  7. Flow Log
  8. Flow Messages
  9. Flow Suppressed Messages



----------------
; Legal Notice ;
----------------
Copyright (C) 2025  Altera Corporation. All rights reserved.
Your use of Altera Corporation's design tools, logic functions 
and other software and tools, and any partner logic 
functions, and any output files from any of the foregoing 
(including device programming or simulation files), and any 
associated documentation or information are expressly subject 
to the terms and conditions of the Altera Program License 
Subscription Agreement, the Altera Quartus Prime License Agreement,
the Altera IP License Agreement, or other applicable license
agreement, including, without limitation, that your use is for
the sole purpose of programming logic devices manufactured by
Altera and sold by Altera or its authorized distributors.  Please
refer to the Altera Software License Subscription Agreements 
on the Quartus Prime software download page.



+--------------------------------------------------------------------------------------+
; Flow Summary                                                                         ;
+------------------------------------+-------------------------------------------------+
; Flow Status                        ; Successful - Fri Jul 18 22:09:46 2025           ;
; Quartus Prime Version              ; 24.1std.0 Build 1077 03/04/2025 SC Lite Edition ;
; Revision Name                      ; cgol_xlr_tor                                    ;
; Top-level Entity Name              ; qsyn_dummy_xlr_wrap                             ;
; Family                             ; MAX 10                                          ;
; Device                             ; 10M50DAF484C7G                                  ;
; Timing Models                      ; Final                                           ;
; Total logic elements               ; 2,323 / 49,760 ( 5 % )                          ;
;     Total combinational functions  ; 2,224 / 49,760 ( 4 % )                          ;
;     Dedicated logic registers      ; 707 / 49,760 ( 1 % )                            ;
; Total registers                    ; 707                                             ;
; Total pins                         ; 111 / 360 ( 31 % )                              ;
; Total virtual pins                 ; 0                                               ;
; Total memory bits                  ; 0 / 1,677,312 ( 0 % )                           ;
; Embedded Multiplier 9-bit elements ; 0 / 288 ( 0 % )                                 ;
; Total PLLs                         ; 0 / 4 ( 0 % )                                   ;
; UFM blocks                         ; 0 / 1 ( 0 % )                                   ;
; ADC blocks                         ; 0 / 2 ( 0 % )                                   ;
+------------------------------------+-------------------------------------------------+


+-----------------------------------------+
; Flow Settings                           ;
+-------------------+---------------------+
; Option            ; Setting             ;
+-------------------+---------------------+
; Start date & time ; 07/18/2025 22:09:09 ;
; Main task         ; Compilation         ;
; Revision Name     ; cgol_xlr_tor        ;
+-------------------+---------------------+


+-----------------------------------------------------------------------------------------------------+
; Flow Non-Default Global Settings                                                                    ;
+--------------------------+-------------------------------+---------------+-------------+------------+
; Assignment Name          ; Value                         ; Default Value ; Entity Name ; Section Id ;
+--------------------------+-------------------------------+---------------+-------------+------------+
; COMPILER_SIGNATURE_ID    ; 7610219154269.175287654922740 ; --            ; --          ; --         ;
; NUM_PARALLEL_PROCESSORS  ; 1                             ; --            ; --          ; --         ;
; PROJECT_OUTPUT_DIRECTORY ; qsyn_output_files             ; --            ; --          ; --         ;
; TOP_LEVEL_ENTITY         ; qsyn_dummy_xlr_wrap           ; cgol_xlr_tor  ; --          ; --         ;
; VERILOG_MACRO            ; CRNT_XLR=cgol_xlr_tor         ; --            ; --          ; --         ;
+--------------------------+-------------------------------+---------------+-------------+------------+


+--------------------------------------------------------------------------------------------------------------------------+
; Flow Elapsed Time                                                                                                        ;
+----------------------+--------------+-------------------------+---------------------+------------------------------------+
; Module Name          ; Elapsed Time ; Average Processors Used ; Peak Virtual Memory ; Total CPU Time (on all processors) ;
+----------------------+--------------+-------------------------+---------------------+------------------------------------+
; Analysis & Synthesis ; 00:00:16     ; 1.0                     ; 1018 MB             ; 00:00:18                           ;
; Fitter               ; 00:00:21     ; 1.0                     ; 1373 MB             ; 00:00:21                           ;
; Timing Analyzer      ; 00:00:06     ; 1.0                     ; 1151 MB             ; 00:00:05                           ;
; Total                ; 00:00:43     ; --                      ; --                  ; 00:00:44                           ;
+----------------------+--------------+-------------------------+---------------------+------------------------------------+


+--------------------------------------------------------------------------------------------------------------------+
; Flow OS Summary                                                                                                    ;
+----------------------+------------------------------------------------+--------------+------------+----------------+
; Module Name          ; Machine Hostname                               ; OS Name      ; OS Version ; Processor type ;
+----------------------+------------------------------------------------+--------------+------------+----------------+
; Analysis & Synthesis ; ip-10-70-128-168.il-central-1.compute.internal ; Amazon Linux ; 2          ; x86_64         ;
; Fitter               ; ip-10-70-128-168.il-central-1.compute.internal ; Amazon Linux ; 2          ; x86_64         ;
; Timing Analyzer      ; ip-10-70-128-168.il-central-1.compute.internal ; Amazon Linux ; 2          ; x86_64         ;
+----------------------+------------------------------------------------+--------------+------------+----------------+


------------
; Flow Log ;
------------
quartus_map --read_settings_files=on --write_settings_files=off cgol_xlr_tor -c cgol_xlr_tor
quartus_fit --read_settings_files=on --write_settings_files=off cgol_xlr_tor -c cgol_xlr_tor
quartus_sta cgol_xlr_tor -c cgol_xlr_tor



